A51 MACRO ASSEMBLER  S1                                                                   05/02/2024 02:11:37 PAGE     1


MACRO ASSEMBLER A51 V8.2.7.0
OBJECT MODULE PLACED IN .\Objects\s1.obj
ASSEMBLER INVOKED BY: C:\Keil_v5\C51\BIN\A51.EXE s1.asm SET(SMALL) DEBUG PRINT(.\Listings\s1.lst) OBJECT(.\Objects\s1.ob
                      j) EP

LOC  OBJ            LINE     SOURCE

0000                   1     ORG 0000H
0000 7805              2     MOV R0,#05H
0002 7915              3     MOV R1,#15H
0004 7A25              4     MOV R2,#25H
0006 7B35              5     MOV R3,#35H
0008 7C45              6     MOV R4,#45H
000A C000              7     PUSH 0
000C C001              8     PUSH 1
000E C002              9     PUSH 2
0010 C003             10     PUSH 3
0012 C004             11     PUSH 4
0014 80FE             12     SJMP $
                      13     END
A51 MACRO ASSEMBLER  S1                                                                   05/02/2024 02:11:37 PAGE     2

SYMBOL TABLE LISTING
------ ----- -------


N A M E             T Y P E  V A L U E   ATTRIBUTES



REGISTER BANK(S) USED: 0 


ASSEMBLY COMPLETE.  0 WARNING(S), 0 ERROR(S)
