A51 MACRO ASSEMBLER  COPY                                                                 05/02/2024 02:49:37 PAGE     1


MACRO ASSEMBLER A51 V8.2.7.0
OBJECT MODULE PLACED IN .\Objects\copy.obj
ASSEMBLER INVOKED BY: C:\Keil_v5\C51\BIN\A51.EXE copy.asm SET(SMALL) DEBUG PRINT(.\Listings\copy.lst) OBJECT(.\Objects\c
                      opy.obj) EP

LOC  OBJ            LINE     SOURCE

0000                   1     ORG 0000H
0000 7590FF            2     MOV P1,#0FFH
0003                   3     MAIN: 
0003 E590              4     MOV A,P1
0005 F5A0              5     MOV P2,A
0007 F580              6     MOV P0,A
0009 F8                7     MOV R0,A
000A F9                8     MOV R1,A
000B FA                9     MOV R2,A
000C 80F5             10     SJMP MAIN
                      11     END
A51 MACRO ASSEMBLER  COPY                                                                 05/02/2024 02:49:37 PAGE     2

SYMBOL TABLE LISTING
------ ----- -------


N A M E             T Y P E  V A L U E   ATTRIBUTES

MAIN . . . . . . .  C ADDR   0003H   A   
P0 . . . . . . . .  D ADDR   0080H   A   
P1 . . . . . . . .  D ADDR   0090H   A   
P2 . . . . . . . .  D ADDR   00A0H   A   


REGISTER BANK(S) USED: 0 


ASSEMBLY COMPLETE.  0 WARNING(S), 0 ERROR(S)
